
> Sports Connection Platform@0.1.0 build
> vite build

[36mvite v6.3.5 [32mbuilding for production...[36m[39m
transforming...
[32mΓ£ô[39m 1187 modules transformed.
node.exe : [31mΓ£ù[39m Build failed in 2.70s
At line:1 char:1
+ & "C:\Program Files\nodejs/node.exe" "C:\Program Files\nodejs/node_mo ...
+ ~~~~~~~~~~~~~~~~~~~~~~~~~~~~~~~~~~~~~~~~~~~~~~~~~~~~~~~~~~~~~~~~~~~~~
    + CategoryInfo          : NotSpecified: ([31mΓ£ù[39m Build failed in 2.70s:String) [], RemoteException
    + FullyQualifiedErrorId : NativeCommandError
 
[31merror during build:
[31m[vite:asset] Could not load C:\Users\Shubh Heda\OneDrive\Desktop\hope\src\assets\0af8b90ac57008e9f3c2d27238a5b8e1f3b85480.png (imported by 
src/components/PartyDashboard.tsx): ENOENT: no such file or directory, open 'C:\Users\Shubh 
Heda\OneDrive\Desktop\hope\src\assets\0af8b90ac57008e9f3c2d27238a5b8e1f3b85480.png'[31m
    at async open (node:internal/fs/promises:642:25)
    at async Object.readFile (node:internal/fs/promises:1279:14)
    at async fileToBuiltUrl (file:///C:/Users/Shubh%20Heda/OneDrive/Desktop/hope/node_modules/vite/dist/node/chunks/dep-DBxKXgDP.js:10563:19)
    at async Object.handler (file:///C:/Users/Shubh%20Heda/OneDrive/Desktop/hope/node_modules/vite/dist/node/chunks/dep-DBxKXgDP.js:10420:19)
    at async PluginDriver.hookFirstAndGetPlugin 
(file:///C:/Users/Shubh%20Heda/OneDrive/Desktop/hope/node_modules/rollup/dist/es/shared/node-entry.js:22404:28)
    at async file:///C:/Users/Shubh%20Heda/OneDrive/Desktop/hope/node_modules/rollup/dist/es/shared/node-entry.js:21404:33
    at async Queue.work (file:///C:/Users/Shubh%20Heda/OneDrive/Desktop/hope/node_modules/rollup/dist/es/shared/node-entry.js:22632:32)[39m
